Archive member included to satisfy reference by file (symbol)

D:\Docs and stuff\Project Avalanche\GitAvalanche\nucleo-l152re_stdperiph_lib\Debug\libnucleo-l152re_stdperiph_lib.a(stm32l1xx_adc.o)
                              src/main.o (ADC_DeInit)
D:\Docs and stuff\Project Avalanche\GitAvalanche\nucleo-l152re_stdperiph_lib\Debug\libnucleo-l152re_stdperiph_lib.a(stm32l1xx_dbgmcu.o)
                              src/main.o (DBGMCU_Config)
D:\Docs and stuff\Project Avalanche\GitAvalanche\nucleo-l152re_stdperiph_lib\Debug\libnucleo-l152re_stdperiph_lib.a(stm32l1xx_dma.o)
                              src/main.o (DMA_DeInit)
D:\Docs and stuff\Project Avalanche\GitAvalanche\nucleo-l152re_stdperiph_lib\Debug\libnucleo-l152re_stdperiph_lib.a(stm32l1xx_gpio.o)
                              src/main.o (GPIO_Init)
D:\Docs and stuff\Project Avalanche\GitAvalanche\nucleo-l152re_stdperiph_lib\Debug\libnucleo-l152re_stdperiph_lib.a(stm32l1xx_rcc.o)
                              src/main.o (RCC_AHBPeriphClockCmd)
D:\Docs and stuff\Project Avalanche\GitAvalanche\nucleo-l152re_stdperiph_lib\Debug\libnucleo-l152re_stdperiph_lib.a(stm32l1xx_tim.o)
                              src/main.o (TIM_TimeBaseInit)
d:/programs/stm32 workbench/plugins/fr.ac6.mcu.externaltools.arm-none.win32_1.13.2.201705091103/tools/compiler/bin/../lib/gcc/arm-none-eabi/5.4.1/../../../../arm-none-eabi/lib/armv7-m\libc.a(lib_a-errno.o)
                              src/syscalls.o (__errno)
d:/programs/stm32 workbench/plugins/fr.ac6.mcu.externaltools.arm-none.win32_1.13.2.201705091103/tools/compiler/bin/../lib/gcc/arm-none-eabi/5.4.1/../../../../arm-none-eabi/lib/armv7-m\libc.a(lib_a-exit.o)
                              d:/programs/stm32 workbench/plugins/fr.ac6.mcu.externaltools.arm-none.win32_1.13.2.201705091103/tools/compiler/bin/../lib/gcc/arm-none-eabi/5.4.1/../../../../arm-none-eabi/lib/armv7-m/crt0.o (exit)
d:/programs/stm32 workbench/plugins/fr.ac6.mcu.externaltools.arm-none.win32_1.13.2.201705091103/tools/compiler/bin/../lib/gcc/arm-none-eabi/5.4.1/../../../../arm-none-eabi/lib/armv7-m\libc.a(lib_a-impure.o)
                              d:/programs/stm32 workbench/plugins/fr.ac6.mcu.externaltools.arm-none.win32_1.13.2.201705091103/tools/compiler/bin/../lib/gcc/arm-none-eabi/5.4.1/../../../../arm-none-eabi/lib/armv7-m\libc.a(lib_a-exit.o) (_global_impure_ptr)
d:/programs/stm32 workbench/plugins/fr.ac6.mcu.externaltools.arm-none.win32_1.13.2.201705091103/tools/compiler/bin/../lib/gcc/arm-none-eabi/5.4.1/../../../../arm-none-eabi/lib/armv7-m\libc.a(lib_a-init.o)
                              d:/programs/stm32 workbench/plugins/fr.ac6.mcu.externaltools.arm-none.win32_1.13.2.201705091103/tools/compiler/bin/../lib/gcc/arm-none-eabi/5.4.1/../../../../arm-none-eabi/lib/armv7-m/crt0.o (__libc_init_array)
d:/programs/stm32 workbench/plugins/fr.ac6.mcu.externaltools.arm-none.win32_1.13.2.201705091103/tools/compiler/bin/../lib/gcc/arm-none-eabi/5.4.1/../../../../arm-none-eabi/lib/armv7-m\libc.a(lib_a-memset.o)
                              d:/programs/stm32 workbench/plugins/fr.ac6.mcu.externaltools.arm-none.win32_1.13.2.201705091103/tools/compiler/bin/../lib/gcc/arm-none-eabi/5.4.1/../../../../arm-none-eabi/lib/armv7-m/crt0.o (memset)
d:/programs/stm32 workbench/plugins/fr.ac6.mcu.externaltools.arm-none.win32_1.13.2.201705091103/tools/compiler/bin/../lib/gcc/arm-none-eabi/5.4.1/../../../../arm-none-eabi/lib/armv7-m\libc.a(lib_a-__call_atexit.o)
                              d:/programs/stm32 workbench/plugins/fr.ac6.mcu.externaltools.arm-none.win32_1.13.2.201705091103/tools/compiler/bin/../lib/gcc/arm-none-eabi/5.4.1/../../../../arm-none-eabi/lib/armv7-m\libc.a(lib_a-exit.o) (__call_exitprocs)
d:/programs/stm32 workbench/plugins/fr.ac6.mcu.externaltools.arm-none.win32_1.13.2.201705091103/tools/compiler/bin/../lib/gcc/arm-none-eabi/5.4.1/../../../../arm-none-eabi/lib/armv7-m\libc.a(lib_a-atexit.o)
                              d:/programs/stm32 workbench/plugins/fr.ac6.mcu.externaltools.arm-none.win32_1.13.2.201705091103/tools/compiler/bin/../lib/gcc/arm-none-eabi/5.4.1/../../../../arm-none-eabi/lib/armv7-m\libc.a(lib_a-__call_atexit.o) (atexit)
d:/programs/stm32 workbench/plugins/fr.ac6.mcu.externaltools.arm-none.win32_1.13.2.201705091103/tools/compiler/bin/../lib/gcc/arm-none-eabi/5.4.1/../../../../arm-none-eabi/lib/armv7-m\libc.a(lib_a-fini.o)
                              d:/programs/stm32 workbench/plugins/fr.ac6.mcu.externaltools.arm-none.win32_1.13.2.201705091103/tools/compiler/bin/../lib/gcc/arm-none-eabi/5.4.1/../../../../arm-none-eabi/lib/armv7-m\libc.a(lib_a-__call_atexit.o) (__libc_fini_array)
d:/programs/stm32 workbench/plugins/fr.ac6.mcu.externaltools.arm-none.win32_1.13.2.201705091103/tools/compiler/bin/../lib/gcc/arm-none-eabi/5.4.1/../../../../arm-none-eabi/lib/armv7-m\libc.a(lib_a-__atexit.o)
[...]
Memory Configuration

Name             Origin             Length             Attributes
FLASH            0x08000000         0x00080000         xr
RAM              0x20000000         0x00014000         xrw
MEMORY_B1        0x60000000         0x00000000         xr
*default*        0x00000000         0xffffffff

Linker script and memory map

LOAD d:/programs/stm32 workbench/plugins/fr.ac6.mcu.externaltools.arm-none.win32_1.13.2.201705091103/tools/compiler/bin/../lib/gcc/arm-none-eabi/5.4.1/armv7-m/crti.o
LOAD d:/programs/stm32 workbench/plugins/fr.ac6.mcu.externaltools.arm-none.win32_1.13.2.201705091103/tools/compiler/bin/../lib/gcc/arm-none-eabi/5.4.1/armv7-m/crtbegin.o
LOAD d:/programs/stm32 workbench/plugins/fr.ac6.mcu.externaltools.arm-none.win32_1.13.2.201705091103/tools/compiler/bin/../lib/gcc/arm-none-eabi/5.4.1/../../../../arm-none-eabi/lib/armv7-m/crt0.o
LOAD src/main.o
LOAD src/syscalls.o
LOAD src/system_stm32l1xx.o
LOAD startup/startup_stm32l1xx_xl.o
LOAD D:\Docs and stuff\Project Avalanche\GitAvalanche\nucleo-l152re_stdperiph_lib\Debug\libnucleo-l152re_stdperiph_lib.a
LOAD d:/programs/stm32 workbench/plugins/fr.ac6.mcu.externaltools.arm-none.win32_1.13.2.201705091103/tools/compiler/bin/../lib/gcc/arm-none-eabi/5.4.1/../../../../arm-none-eabi/lib/armv7-m\libm.a
START GROUP
LOAD d:/programs/stm32 workbench/plugins/fr.ac6.mcu.externaltools.arm-none.win32_1.13.2.201705091103/tools/compiler/bin/../lib/gcc/arm-none-eabi/5.4.1/armv7-m\libgcc.a
LOAD d:/programs/stm32 workbench/plugins/fr.ac6.mcu.externaltools.arm-none.win32_1.13.2.201705091103/tools/compiler/bin/../lib/gcc/arm-none-eabi/5.4.1/../../../../arm-none-eabi/lib/armv7-m\libc.a
END GROUP
LOAD d:/programs/stm32 workbench/plugins/fr.ac6.mcu.externaltools.arm-none.win32_1.13.2.201705091103/tools/compiler/bin/../lib/gcc/arm-none-eabi/5.4.1/armv7-m/crtend.o
LOAD d:/programs/stm32 workbench/plugins/fr.ac6.mcu.externaltools.arm-none.win32_1.13.2.201705091103/tools/compiler/bin/../lib/gcc/arm-none-eabi/5.4.1/armv7-m/crtn.o
                0x20014000                _estack = 0x20014000
                0x00000200                _Min_Heap_Size = 0x200
                0x00000400                _Min_Stack_Size = 0x400

.isr_vector     0x08000000      0x13c
                0x08000000                . = ALIGN (0x4)
 *(.isr_vector)
 .isr_vector    0x08000000      0x13c startup/startup_stm32l1xx_xl.o
                0x08000000                g_pfnVectors
                0x0800013c                . = ALIGN (0x4)

.text           0x0800013c     0x18d4
                0x0800013c                . = ALIGN (0x4)
 *(.text)
 .text          0x0800013c       0x5c d:/programs/stm32 workbench/plugins/fr.ac6.mcu.externaltools.arm-none.win32_1.13.2.201705091103/tools/compiler/bin/../lib/gcc/arm-none-eabi/5.4.1/armv7-m/crtbegin.o
 *(.text*)
 .text.NVIC_SetPriority
                0x08000198       0x54 src/main.o
 .text.SysTick_Config
                0x080001ec       0x44 src/main.o
 .text.initDMA  0x08000230       0x84 src/main.o
                0x08000230                initDMA
 .text.initADC1
                0x080002b4       0xa8 src/main.o
                0x080002b4                initADC1
 .text.initTriggerMeasure
                0x0800035c       0x40 src/main.o
                0x0800035c                initTriggerMeasure
 .text.initTimers
                0x0800039c       0xcc src/main.o
                0x0800039c                initTimers
 .text.Init     0x08000468       0x68 src/main.o
                0x08000468                Init
 .text.Delay    0x080004d0       0x28 src/main.o
                0x080004d0                Delay
 .text.ClearADCDataBuffer
                0x080004f8       0x38 src/main.o
                0x080004f8                ClearADCDataBuffer
 .text.ResetADC1
                0x08000530       0x58 src/main.o
                0x08000530                ResetADC1
 .text.ResetDMA
                0x08000588       0x2c src/main.o
                0x08000588                ResetDMA
 .text.TriggerMeasure
                0x080005b4       0x30 src/main.o
                0x080005b4                TriggerMeasure
 .text.main     0x080005e4       0x70 src/main.o
                0x080005e4                main
 .text.SysTick_Handler
                0x08000654       0x24 src/main.o
                0x08000654                SysTick_Handler
 .text.SystemInit
                0x08000678       0x68 src/system_stm32l1xx.o
                0x08000678                SystemInit
 .text.SetSysClock
                0x080006e0      0x120 src/system_stm32l1xx.o
 .text.Reset_Handler
                0x08000800       0x48 startup/startup_stm32l1xx_xl.o
                0x08000800                Reset_Handler
 .text.Default_Handler
                0x08000848        0x2 startup/startup_stm32l1xx_xl.o
                0x08000848                RTC_Alarm_IRQHandler
                0x08000848                EXTI2_IRQHandler
                0x08000848                COMP_ACQ_IRQHandler
                0x08000848                DebugMon_Handler
                0x08000848                HardFault_Handler
                0x08000848                TIM10_IRQHandler
                0x08000848                USB_HP_IRQHandler
                0x08000848                TIM6_IRQHandler
                0x08000848                PVD_IRQHandler
                0x08000848                PendSV_Handler
                0x08000848                NMI_Handler
                0x08000848                EXTI3_IRQHandler
                0x08000848                EXTI0_IRQHandler
                0x08000848                I2C2_EV_IRQHandler
                0x08000848                UsageFault_Handler
                0x08000848                SPI1_IRQHandler
                0x08000848                USB_FS_WKUP_IRQHandler
                0x08000848                DMA2_Channel2_IRQHandler
                0x08000848                DMA1_Channel4_IRQHandler
                0x08000848                ADC1_IRQHandler
                0x08000848                USART3_IRQHandler
                0x08000848                DMA1_Channel7_IRQHandler
                0x08000848                LCD_IRQHandler
                0x08000848                UART5_IRQHandler
                0x08000848                TIM4_IRQHandler
                0x08000848                DMA2_Channel1_IRQHandler
                0x08000848                I2C1_EV_IRQHandler
                0x08000848                DMA1_Channel6_IRQHandler
                0x08000848                UART4_IRQHandler
                0x08000848                DMA2_Channel4_IRQHandler
                0x08000848                TIM3_IRQHandler
                0x08000848                RCC_IRQHandler
                0x08000848                DMA1_Channel1_IRQHandler
                0x08000848                Default_Handler
                0x08000848                EXTI15_10_IRQHandler
                0x08000848                TIM7_IRQHandler
                0x08000848                TIM5_IRQHandler
                0x08000848                EXTI9_5_IRQHandler
                0x08000848                TIM9_IRQHandler
                0x08000848                TAMPER_STAMP_IRQHandler
                0x08000848                RTC_WKUP_IRQHandler
                0x08000848                SPI2_IRQHandler
                0x08000848                MemManage_Handler
                0x08000848                SVC_Handler
                0x08000848                DMA2_Channel5_IRQHandler
                0x08000848                DMA1_Channel5_IRQHandler
                0x08000848                USB_LP_IRQHandler
                0x08000848                EXTI4_IRQHandler
                0x08000848                DMA1_Channel3_IRQHandler
                0x08000848                COMP_IRQHandler
                0x08000848                WWDG_IRQHandler
                0x08000848                TIM2_IRQHandler
                0x08000848                DAC_IRQHandler
                0x08000848                EXTI1_IRQHandler
                0x08000848                AES_IRQHandler
                0x08000848                TIM11_IRQHandler
                0x08000848                USART2_IRQHandler
                0x08000848                I2C2_ER_IRQHandler
                0x08000848                DMA1_Channel2_IRQHandler
                0x08000848                FLASH_IRQHandler
                0x08000848                BusFault_Handler
                0x08000848                USART1_IRQHandler
                0x08000848                SPI3_IRQHandler
                0x08000848                I2C1_ER_IRQHandler
                0x08000848                DMA2_Channel3_IRQHandler
 *fill*         0x0800084a        0x2 
 .text.ADC_DeInit
                0x0800084c       0x30 D:\Docs and stuff\Project Avalanche\GitAvalanche\nucleo-l152re_stdperiph_lib\Debug\libnucleo-l152re_stdperiph_lib.a(stm32l1xx_adc.o)
                0x0800084c                ADC_DeInit
 .text.ADC_Init
                0x0800087c       0xa8 D:\Docs and stuff\Project Avalanche\GitAvalanche\nucleo-l152re_stdperiph_lib\Debug\libnucleo-l152re_stdperiph_lib.a(stm32l1xx_adc.o)
                0x0800087c                ADC_Init
 .text.ADC_CommonInit
                0x08000924       0x38 D:\Docs and stuff\Project Avalanche\GitAvalanche\nucleo-l152re_stdperiph_lib\Debug\libnucleo-l152re_stdperiph_lib.a(stm32l1xx_adc.o)
                0x08000924                ADC_CommonInit
 .text.ADC_Cmd  0x0800095c       0x38 D:\Docs and stuff\Project Avalanche\GitAvalanche\nucleo-l152re_stdperiph_lib\Debug\libnucleo-l152re_stdperiph_lib.a(stm32l1xx_adc.o)
                0x0800095c                ADC_Cmd
 .text.ADC_RegularChannelConfig
                0x08000994      0x2cc D:\Docs and stuff\Project Avalanche\GitAvalanche\nucleo-l152re_stdperiph_lib\Debug\libnucleo-l152re_stdperiph_lib.a(stm32l1xx_adc.o)
                0x08000994                ADC_RegularChannelConfig
 .text.ADC_SoftwareStartConv
                0x08000c60       0x20 D:\Docs and stuff\Project Avalanche\GitAvalanche\nucleo-l152re_stdperiph_lib\Debug\libnucleo-l152re_stdperiph_lib.a(stm32l1xx_adc.o)
                0x08000c60                ADC_SoftwareStartConv
 .text.ADC_ContinuousModeCmd
                0x08000c80       0x38 D:\Docs and stuff\Project Avalanche\GitAvalanche\nucleo-l152re_stdperiph_lib\Debug\libnucleo-l152re_stdperiph_lib.a(stm32l1xx_adc.o)
                0x08000c80                ADC_ContinuousModeCmd
 .text.ADC_DMACmd
                0x08000cb8       0x38 D:\Docs and stuff\Project Avalanche\GitAvalanche\nucleo-l152re_stdperiph_lib\Debug\libnucleo-l152re_stdperiph_lib.a(stm32l1xx_adc.o)
                0x08000cb8                ADC_DMACmd
 .text.ADC_DMARequestAfterLastTransferCmd
                0x08000cf0       0x38 D:\Docs and stuff\Project Avalanche\GitAvalanche\nucleo-l152re_stdperiph_lib\Debug\libnucleo-l152re_stdperiph_lib.a(stm32l1xx_adc.o)
                0x08000cf0                ADC_DMARequestAfterLastTransferCmd
 .text.ADC_GetFlagStatus
                0x08000d28       0x34 D:\Docs and stuff\Project Avalanche\GitAvalanche\nucleo-l152re_stdperiph_lib\Debug\libnucleo-l152re_stdperiph_lib.a(stm32l1xx_adc.o)
                0x08000d28                ADC_GetFlagStatus
 .text.DBGMCU_Config
                0x08000d5c       0x3c D:\Docs and stuff\Project Avalanche\GitAvalanche\nucleo-l152re_stdperiph_lib\Debug\libnucleo-l152re_stdperiph_lib.a(stm32l1xx_dbgmcu.o)
                0x08000d5c                DBGMCU_Config
 .text.DMA_DeInit
                0x08000d98      0x178 D:\Docs and stuff\Project Avalanche\GitAvalanche\nucleo-l152re_stdperiph_lib\Debug\libnucleo-l152re_stdperiph_lib.a(stm32l1xx_dma.o)
                0x08000d98                DMA_DeInit
 .text.DMA_Init
                0x08000f10       0x7c D:\Docs and stuff\Project Avalanche\GitAvalanche\nucleo-l152re_stdperiph_lib\Debug\libnucleo-l152re_stdperiph_lib.a(stm32l1xx_dma.o)
                0x08000f10                DMA_Init
 .text.DMA_Cmd  0x08000f8c       0x38 D:\Docs and stuff\Project Avalanche\GitAvalanche\nucleo-l152re_stdperiph_lib\Debug\libnucleo-l152re_stdperiph_lib.a(stm32l1xx_dma.o)
                0x08000f8c                DMA_Cmd
 .text.DMA_SetCurrDataCounter
                0x08000fc4       0x1c D:\Docs and stuff\Project Avalanche\GitAvalanche\nucleo-l152re_stdperiph_lib\Debug\libnucleo-l152re_stdperiph_lib.a(stm32l1xx_dma.o)
                0x08000fc4                DMA_SetCurrDataCounter
 .text.GPIO_Init
                0x08000fe0      0x138 D:\Docs and stuff\Project Avalanche\GitAvalanche\nucleo-l152re_stdperiph_lib\Debug\libnucleo-l152re_stdperiph_lib.a(stm32l1xx_gpio.o)
                0x08000fe0                GPIO_Init
 .text.GPIO_StructInit
                0x08001118       0x34 D:\Docs and stuff\Project Avalanche\GitAvalanche\nucleo-l152re_stdperiph_lib\Debug\libnucleo-l152re_stdperiph_lib.a(stm32l1xx_gpio.o)
                0x08001118                GPIO_StructInit
 .text.GPIO_SetBits
                0x0800114c       0x1c D:\Docs and stuff\Project Avalanche\GitAvalanche\nucleo-l152re_stdperiph_lib\Debug\libnucleo-l152re_stdperiph_lib.a(stm32l1xx_gpio.o)
                0x0800114c                GPIO_SetBits
 .text.GPIO_ResetBits
                0x08001168       0x1c D:\Docs and stuff\Project Avalanche\GitAvalanche\nucleo-l152re_stdperiph_lib\Debug\libnucleo-l152re_stdperiph_lib.a(stm32l1xx_gpio.o)
                0x08001168                GPIO_ResetBits
 .text.GPIO_PinAFConfig
                0x08001184       0x90 D:\Docs and stuff\Project Avalanche\GitAvalanche\nucleo-l152re_stdperiph_lib\Debug\libnucleo-l152re_stdperiph_lib.a(stm32l1xx_gpio.o)
                0x08001184                GPIO_PinAFConfig
 .text.RCC_AHBPeriphClockCmd
                0x08001214       0x3c D:\Docs and stuff\Project Avalanche\GitAvalanche\nucleo-l152re_stdperiph_lib\Debug\libnucleo-l152re_stdperiph_lib.a(stm32l1xx_rcc.o)
                0x08001214                RCC_AHBPeriphClockCmd
 .text.RCC_APB2PeriphClockCmd
                0x08001250       0x3c D:\Docs and stuff\Project Avalanche\GitAvalanche\nucleo-l152re_stdperiph_lib\Debug\libnucleo-l152re_stdperiph_lib.a(stm32l1xx_rcc.o)
                0x08001250                RCC_APB2PeriphClockCmd
 .text.RCC_APB1PeriphClockCmd
                0x0800128c       0x3c D:\Docs and stuff\Project Avalanche\GitAvalanche\nucleo-l152re_stdperiph_lib\Debug\libnucleo-l152re_stdperiph_lib.a(stm32l1xx_rcc.o)
                0x0800128c                RCC_APB1PeriphClockCmd
 .text.RCC_APB2PeriphResetCmd
                0x080012c8       0x3c D:\Docs and stuff\Project Avalanche\GitAvalanche\nucleo-l152re_stdperiph_lib\Debug\libnucleo-l152re_stdperiph_lib.a(stm32l1xx_rcc.o)
                0x080012c8                RCC_APB2PeriphResetCmd
 .text.TIM_TimeBaseInit
                0x08001304       0xa4 D:\Docs and stuff\Project Avalanche\GitAvalanche\nucleo-l152re_stdperiph_lib\Debug\libnucleo-l152re_stdperiph_lib.a(stm32l1xx_tim.o)
                0x08001304                TIM_TimeBaseInit
 .text.TIM_UpdateRequestConfig
                0x080013a8       0x40 D:\Docs and stuff\Project Avalanche\GitAvalanche\nucleo-l152re_stdperiph_lib\Debug\libnucleo-l152re_stdperiph_lib.a(stm32l1xx_tim.o)
                0x080013a8                TIM_UpdateRequestConfig
 .text.TIM_ICInit
                0x080013e8       0xa8 D:\Docs and stuff\Project Avalanche\GitAvalanche\nucleo-l152re_stdperiph_lib\Debug\libnucleo-l152re_stdperiph_lib.a(stm32l1xx_tim.o)
                0x080013e8                TIM_ICInit
 .text.TIM_SetIC1Prescaler
                0x08001490       0x38 D:\Docs and stuff\Project Avalanche\GitAvalanche\nucleo-l152re_stdperiph_lib\Debug\libnucleo-l152re_stdperiph_lib.a(stm32l1xx_tim.o)
                0x08001490                TIM_SetIC1Prescaler
 .text.TIM_SetIC2Prescaler
                0x080014c8       0x3c D:\Docs and stuff\Project Avalanche\GitAvalanche\nucleo-l152re_stdperiph_lib\Debug\libnucleo-l152re_stdperiph_lib.a(stm32l1xx_tim.o)
                0x080014c8                TIM_SetIC2Prescaler
 .text.TIM_SetIC3Prescaler
                0x08001504       0x38 D:\Docs and stuff\Project Avalanche\GitAvalanche\nucleo-l152re_stdperiph_lib\Debug\libnucleo-l152re_stdperiph_lib.a(stm32l1xx_tim.o)
                0x08001504                TIM_SetIC3Prescaler
 .text.TIM_SetIC4Prescaler
                0x0800153c       0x3c D:\Docs and stuff\Project Avalanche\GitAvalanche\nucleo-l152re_stdperiph_lib\Debug\libnucleo-l152re_stdperiph_lib.a(stm32l1xx_tim.o)
                0x0800153c                TIM_SetIC4Prescaler
 .text.TIM_SelectInputTrigger
                0x08001578       0x38 D:\Docs and stuff\Project Avalanche\GitAvalanche\nucleo-l152re_stdperiph_lib\Debug\libnucleo-l152re_stdperiph_lib.a(stm32l1xx_tim.o)
                0x08001578                TIM_SelectInputTrigger
 .text.TIM_SelectOutputTrigger
                0x080015b0       0x38 D:\Docs and stuff\Project Avalanche\GitAvalanche\nucleo-l152re_stdperiph_lib\Debug\libnucleo-l152re_stdperiph_lib.a(stm32l1xx_tim.o)
                0x080015b0                TIM_SelectOutputTrigger
 .text.TIM_SelectSlaveMode
                0x080015e8       0x38 D:\Docs and stuff\Project Avalanche\GitAvalanche\nucleo-l152re_stdperiph_lib\Debug\libnucleo-l152re_stdperiph_lib.a(stm32l1xx_tim.o)
                0x080015e8                TIM_SelectSlaveMode
 .text.TIM_ETRConfig
                0x08001620       0x54 D:\Docs and stuff\Project Avalanche\GitAvalanche\nucleo-l152re_stdperiph_lib\Debug\libnucleo-l152re_stdperiph_lib.a(stm32l1xx_tim.o)
                0x08001620                TIM_ETRConfig
 .text.TI1_Config
                0x08001674       0x84 D:\Docs and stuff\Project Avalanche\GitAvalanche\nucleo-l152re_stdperiph_lib\Debug\libnucleo-l152re_stdperiph_lib.a(stm32l1xx_tim.o)
 .text.TI2_Config
                0x080016f8       0x98 D:\Docs and stuff\Project Avalanche\GitAvalanche\nucleo-l152re_stdperiph_lib\Debug\libnucleo-l152re_stdperiph_lib.a(stm32l1xx_tim.o)
 .text.TI3_Config
                0x08001790       0x90 D:\Docs and stuff\Project Avalanche\GitAvalanche\nucleo-l152re_stdperiph_lib\Debug\libnucleo-l152re_stdperiph_lib.a(stm32l1xx_tim.o)
 .text.TI4_Config
                0x08001820       0x9c D:\Docs and stuff\Project Avalanche\GitAvalanche\nucleo-l152re_stdperiph_lib\Debug\libnucleo-l152re_stdperiph_lib.a(stm32l1xx_tim.o)
 .text.__libc_init_array
                0x080018bc       0x50 d:/programs/stm32 workbench/plugins/fr.ac6.mcu.externaltools.arm-none.win32_1.13.2.201705091103/tools/compiler/bin/../lib/gcc/arm-none-eabi/5.4.1/../../../../arm-none-eabi/lib/armv7-m\libc.a(lib_a-init.o)
                0x080018bc                __libc_init_array
 .text.startup.register_fini
                0x0800190c       0x14 d:/programs/stm32 workbench/plugins/fr.ac6.mcu.externaltools.arm-none.win32_1.13.2.201705091103/tools/compiler/bin/../lib/gcc/arm-none-eabi/5.4.1/../../../../arm-none-eabi/lib/armv7-m\libc.a(lib_a-__call_atexit.o)
 .text.atexit   0x08001920        0xc d:/programs/stm32 workbench/plugins/fr.ac6.mcu.externaltools.arm-none.win32_1.13.2.201705091103/tools/compiler/bin/../lib/gcc/arm-none-eabi/5.4.1/../../../../arm-none-eabi/lib/armv7-m\libc.a(lib_a-atexit.o)
                0x08001920                atexit
 .text.__libc_fini_array
                0x0800192c       0x28 d:/programs/stm32 workbench/plugins/fr.ac6.mcu.externaltools.arm-none.win32_1.13.2.201705091103/tools/compiler/bin/../lib/gcc/arm-none-eabi/5.4.1/../../../../arm-none-eabi/lib/armv7-m\libc.a(lib_a-fini.o)
                0x0800192c                __libc_fini_array
 .text.__register_exitproc
                0x08001954       0xa4 d:/programs/stm32 workbench/plugins/fr.ac6.mcu.externaltools.arm-none.win32_1.13.2.201705091103/tools/compiler/bin/../lib/gcc/arm-none-eabi/5.4.1/../../../../arm-none-eabi/lib/armv7-m\libc.a(lib_a-__atexit.o)
                0x08001954                __register_exitproc
 *(.glue_7)
 .glue_7        0x080019f8        0x0 linker stubs
 *(.glue_7t)
 .glue_7t       0x080019f8        0x0 linker stubs
 *(.eh_frame)
 .eh_frame      0x080019f8        0x0 d:/programs/stm32 workbench/plugins/fr.ac6.mcu.externaltools.arm-none.win32_1.13.2.201705091103/tools/compiler/bin/../lib/gcc/arm-none-eabi/5.4.1/armv7-m/crtbegin.o
 *(.init)
 .init          0x080019f8        0x4 d:/programs/stm32 workbench/plugins/fr.ac6.mcu.externaltools.arm-none.win32_1.13.2.201705091103/tools/compiler/bin/../lib/gcc/arm-none-eabi/5.4.1/armv7-m/crti.o
                0x080019f8                _init
 .init          0x080019fc        0x8 d:/programs/stm32 workbench/plugins/fr.ac6.mcu.externaltools.arm-none.win32_1.13.2.201705091103/tools/compiler/bin/../lib/gcc/arm-none-eabi/5.4.1/armv7-m/crtn.o
 *(.fini)
 .fini          0x08001a04        0x4 d:/programs/stm32 workbench/plugins/fr.ac6.mcu.externaltools.arm-none.win32_1.13.2.201705091103/tools/compiler/bin/../lib/gcc/arm-none-eabi/5.4.1/armv7-m/crti.o
                0x08001a04                _fini
 .fini          0x08001a08        0x8 d:/programs/stm32 workbench/plugins/fr.ac6.mcu.externaltools.arm-none.win32_1.13.2.201705091103/tools/compiler/bin/../lib/gcc/arm-none-eabi/5.4.1/armv7-m/crtn.o
                0x08001a10                . = ALIGN (0x4)
                0x08001a10                _etext = .

.vfp11_veneer   0x08001a10        0x0
 .vfp11_veneer  0x08001a10        0x0 linker stubs

.v4_bx          0x08001a10        0x0
 .v4_bx         0x08001a10        0x0 linker stubs

.iplt           0x08001a10        0x0
 .iplt          0x08001a10        0x0 d:/programs/stm32 workbench/plugins/fr.ac6.mcu.externaltools.arm-none.win32_1.13.2.201705091103/tools/compiler/bin/../lib/gcc/arm-none-eabi/5.4.1/armv7-m/crtbegin.o

.rodata         0x08001a10        0x4
                0x08001a10                . = ALIGN (0x4)
 *(.rodata)
 *(.rodata*)
 .rodata._global_impure_ptr
                0x08001a10        0x4 d:/programs/stm32 workbench/plugins/fr.ac6.mcu.externaltools.arm-none.win32_1.13.2.201705091103/tools/compiler/bin/../lib/gcc/arm-none-eabi/5.4.1/../../../../arm-none-eabi/lib/armv7-m\libc.a(lib_a-impure.o)
                0x08001a10                _global_impure_ptr
                0x08001a14                . = ALIGN (0x4)

.rel.dyn        0x08001a14        0x0
 .rel.iplt      0x08001a14        0x0 d:/programs/stm32 workbench/plugins/fr.ac6.mcu.externaltools.arm-none.win32_1.13.2.201705091103/tools/compiler/bin/../lib/gcc/arm-none-eabi/5.4.1/armv7-m/crtbegin.o

.ARM.extab
 *(.ARM.extab* .gnu.linkonce.armextab.*)

.ARM            0x08001a14        0x0
                0x08001a14                __exidx_start = .
 *(.ARM.exidx*)
                0x08001a14                __exidx_end = .

.preinit_array  0x08001a14        0x0
                0x08001a14                PROVIDE (__preinit_array_start, .)
 *(.preinit_array*)
                0x08001a14                PROVIDE (__preinit_array_end, .)

.init_array     0x08001a14        0x8
                0x08001a14                PROVIDE (__init_array_start, .)
 *(SORT(.init_array.*))
 .init_array.00000
                0x08001a14        0x4 d:/programs/stm32 workbench/plugins/fr.ac6.mcu.externaltools.arm-none.win32_1.13.2.201705091103/tools/compiler/bin/../lib/gcc/arm-none-eabi/5.4.1/../../../../arm-none-eabi/lib/armv7-m\libc.a(lib_a-__call_atexit.o)
 *(.init_array*)
 .init_array    0x08001a18        0x4 d:/programs/stm32 workbench/plugins/fr.ac6.mcu.externaltools.arm-none.win32_1.13.2.201705091103/tools/compiler/bin/../lib/gcc/arm-none-eabi/5.4.1/armv7-m/crtbegin.o
                0x08001a1c                PROVIDE (__init_array_end, .)

.fini_array     0x08001a1c        0x4
                0x08001a1c                PROVIDE (__fini_array_start, .)
 *(SORT(.fini_array.*))
 *(.fini_array*)
 .fini_array    0x08001a1c        0x4 d:/programs/stm32 workbench/plugins/fr.ac6.mcu.externaltools.arm-none.win32_1.13.2.201705091103/tools/compiler/bin/../lib/gcc/arm-none-eabi/5.4.1/armv7-m/crtbegin.o
                0x08001a20                PROVIDE (__fini_array_end, .)
                0x08001a20                _sidata = LOADADDR (.data)

.data           0x20000000      0x448 load address 0x08001a20
                0x20000000                . = ALIGN (0x4)
                0x20000000                _sdata = .
 *(.data)
 .data          0x20000000       0x20 src/system_stm32l1xx.o
                0x20000000                SystemCoreClock
                0x20000004                PLLMulTable
                0x20000010                AHBPrescTable
 *(.data*)
 .data.impure_data
                0x20000020      0x428 d:/programs/stm32 workbench/plugins/fr.ac6.mcu.externaltools.arm-none.win32_1.13.2.201705091103/tools/compiler/bin/../lib/gcc/arm-none-eabi/5.4.1/../../../../arm-none-eabi/lib/armv7-m\libc.a(lib_a-impure.o)
 *(.RamFunc)
                0x20000448                . = ALIGN (0x4)
                0x20000448                _edata = .

.jcr            0x20000448        0x0 load address 0x08001e68
 .jcr           0x20000448        0x0 d:/programs/stm32 workbench/plugins/fr.ac6.mcu.externaltools.arm-none.win32_1.13.2.201705091103/tools/compiler/bin/../lib/gcc/arm-none-eabi/5.4.1/armv7-m/crtbegin.o

.igot.plt       0x20000448        0x0 load address 0x08001e68
 .igot.plt      0x20000448        0x0 d:/programs/stm32 workbench/plugins/fr.ac6.mcu.externaltools.arm-none.win32_1.13.2.201705091103/tools/compiler/bin/../lib/gcc/arm-none-eabi/5.4.1/armv7-m/crtbegin.o
                0x20000448                . = ALIGN (0x4)

.bss            0x20000448     0x9e5c load address 0x08001e68
                0x20000448                _sbss = .
                0x20000448                __bss_start__ = _sbss
 *(.bss)
 .bss           0x20000448       0x1c d:/programs/stm32 workbench/plugins/fr.ac6.mcu.externaltools.arm-none.win32_1.13.2.201705091103/tools/compiler/bin/../lib/gcc/arm-none-eabi/5.4.1/armv7-m/crtbegin.o
 .bss           0x20000464     0x9dd4 src/main.o
 *(.bss*)
 *(COMMON)
 COMMON         0x2000a238       0x6c src/main.o
                0x2000a238                ADCInit
                0x2000a250                InputCaptureSetup
                0x2000a25c                ADCSetup
                0x2000a260                DMASetup
                0x2000a28c                NVICSetup
                0x2000a290                TimeBaseSetup
                0x2000a29c                GPIOPortA
                0x2000a2a4                . = ALIGN (0x4)
                0x2000a2a4                _ebss = .
                0x2000a2a4                __bss_end__ = _ebss

._user_heap_stack
                0x2000a2a4      0x604 load address 0x08001e68
                0x2000a2a8                . = ALIGN (0x8)
 *fill*         0x2000a2a4        0x4 
                0x2000a2a8                PROVIDE (end, .)
                [!provide]                PROVIDE (_end, .)
                0x2000a4a8                . = (. + _Min_Heap_Size)
 *fill*         0x2000a2a8      0x200 
                0x2000a8a8                . = (. + _Min_Stack_Size)
 *fill*         0x2000a4a8      0x400 
                0x2000a8a8                . = ALIGN (0x8)

.memory_b1_text
 *(.mb1text)
 *(.mb1text*)
 *(.mb1rodata)
 *(.mb1rodata*)

/DISCARD/
 libc.a(*)
 libm.a(*)
 libgcc.a(*)

.ARM.attributes
                0x00000000       0x29
 *(.ARM.attributes)
 .ARM.attributes
                0x00000000       0x1d d:/programs/stm32 workbench/plugins/fr.ac6.mcu.externaltools.arm-none.win32_1.13.2.201705091103/tools/compiler/bin/../lib/gcc/arm-none-eabi/5.4.1/armv7-m/crti.o
 .ARM.attributes
                0x0000001d       0x2d d:/programs/stm32 workbench/plugins/fr.ac6.mcu.externaltools.arm-none.win32_1.13.2.201705091103/tools/compiler/bin/../lib/gcc/arm-none-eabi/5.4.1/armv7-m/crtbegin.o
 .ARM.attributes
                0x0000004a       0x33 src/main.o
 .ARM.attributes
                0x0000007d       0x33 src/system_stm32l1xx.o
 .ARM.attributes
                0x000000b0       0x21 startup/startup_stm32l1xx_xl.o
 .ARM.attributes
                0x000000d1       0x33 D:\Docs and stuff\Project Avalanche\GitAvalanche\nucleo-l152re_stdperiph_lib\Debug\libnucleo-l152re_stdperiph_lib.a(stm32l1xx_adc.o)
 .ARM.attributes
                0x00000104       0x33 D:\Docs and stuff\Project Avalanche\GitAvalanche\nucleo-l152re_stdperiph_lib\Debug\libnucleo-l152re_stdperiph_lib.a(stm32l1xx_dbgmcu.o)
 .ARM.attributes
                0x00000137       0x33 D:\Docs and stuff\Project Avalanche\GitAvalanche\nucleo-l152re_stdperiph_lib\Debug\libnucleo-l152re_stdperiph_lib.a(stm32l1xx_dma.o)
 .ARM.attributes
                0x0000016a       0x33 D:\Docs and stuff\Project Avalanche\GitAvalanche\nucleo-l152re_stdperiph_lib\Debug\libnucleo-l152re_stdperiph_lib.a(stm32l1xx_gpio.o)
 .ARM.attributes
                0x0000019d       0x33 D:\Docs and stuff\Project Avalanche\GitAvalanche\nucleo-l152re_stdperiph_lib\Debug\libnucleo-l152re_stdperiph_lib.a(stm32l1xx_rcc.o)
 .ARM.attributes
                0x000001d0       0x33 D:\Docs and stuff\Project Avalanche\GitAvalanche\nucleo-l152re_stdperiph_lib\Debug\libnucleo-l152re_stdperiph_lib.a(stm32l1xx_tim.o)
 .ARM.attributes
                0x00000203       0x2d d:/programs/stm32 workbench/plugins/fr.ac6.mcu.externaltools.arm-none.win32_1.13.2.201705091103/tools/compiler/bin/../lib/gcc/arm-none-eabi/5.4.1/../../../../arm-none-eabi/lib/armv7-m\libc.a(lib_a-impure.o)
 .ARM.attributes
                0x00000230       0x2d d:/programs/stm32 workbench/plugins/fr.ac6.mcu.externaltools.arm-none.win32_1.13.2.201705091103/tools/compiler/bin/../lib/gcc/arm-none-eabi/5.4.1/../../../../arm-none-eabi/lib/armv7-m\libc.a(lib_a-init.o)
 .ARM.attributes
                0x0000025d       0x2d d:/programs/stm32 workbench/plugins/fr.ac6.mcu.externaltools.arm-none.win32_1.13.2.201705091103/tools/compiler/bin/../lib/gcc/arm-none-eabi/5.4.1/../../../../arm-none-eabi/lib/armv7-m\libc.a(lib_a-__call_atexit.o)
 .ARM.attributes
                0x0000028a       0x2d d:/programs/stm32 workbench/plugins/fr.ac6.mcu.externaltools.arm-none.win32_1.13.2.201705091103/tools/compiler/bin/../lib/gcc/arm-none-eabi/5.4.1/../../../../arm-none-eabi/lib/armv7-m\libc.a(lib_a-atexit.o)
 .ARM.attributes
                0x000002b7       0x2d d:/programs/stm32 workbench/plugins/fr.ac6.mcu.externaltools.arm-none.win32_1.13.2.201705091103/tools/compiler/bin/../lib/gcc/arm-none-eabi/5.4.1/../../../../arm-none-eabi/lib/armv7-m\libc.a(lib_a-fini.o)
 .ARM.attributes
                0x000002e4       0x2d d:/programs/stm32 workbench/plugins/fr.ac6.mcu.externaltools.arm-none.win32_1.13.2.201705091103/tools/compiler/bin/../lib/gcc/arm-none-eabi/5.4.1/../../../../arm-none-eabi/lib/armv7-m\libc.a(lib_a-__atexit.o)
 .ARM.attributes
                0x00000311       0x1d d:/programs/stm32 workbench/plugins/fr.ac6.mcu.externaltools.arm-none.win32_1.13.2.201705091103/tools/compiler/bin/../lib/gcc/arm-none-eabi/5.4.1/armv7-m/crtn.o
OUTPUT(ADC_DMA_TimerDriven_Timestamp.elf elf32-littlearm)

.debug_info     0x00000000     0x529f
 .debug_info    0x00000000      0xf51 src/main.o
 .debug_info    0x00000f51      0x57b src/system_stm32l1xx.o
 .debug_info    0x000014cc       0x9b startup/startup_stm32l1xx_xl.o
 .debug_info    0x00001567      0xcb9 D:\Docs and stuff\Project Avalanche\GitAvalanche\nucleo-l152re_stdperiph_lib\Debug\libnucleo-l152re_stdperiph_lib.a(stm32l1xx_adc.o)
 .debug_info    0x00002220      0x1e8 D:\Docs and stuff\Project Avalanche\GitAvalanche\nucleo-l152re_stdperiph_lib\Debug\libnucleo-l152re_stdperiph_lib.a(stm32l1xx_dbgmcu.o)
 .debug_info    0x00002408      0x483 D:\Docs and stuff\Project Avalanche\GitAvalanche\nucleo-l152re_stdperiph_lib\Debug\libnucleo-l152re_stdperiph_lib.a(stm32l1xx_dma.o)
 .debug_info    0x0000288b      0x674 D:\Docs and stuff\Project Avalanche\GitAvalanche\nucleo-l152re_stdperiph_lib\Debug\libnucleo-l152re_stdperiph_lib.a(stm32l1xx_gpio.o)
 .debug_info    0x00002eff      0xa2d D:\Docs and stuff\Project Avalanche\GitAvalanche\nucleo-l152re_stdperiph_lib\Debug\libnucleo-l152re_stdperiph_lib.a(stm32l1xx_rcc.o)
 .debug_info    0x0000392c     0x1973 D:\Docs and stuff\Project Avalanche\GitAvalanche\nucleo-l152re_stdperiph_lib\Debug\libnucleo-l152re_stdperiph_lib.a(stm32l1xx_tim.o)

.debug_abbrev   0x00000000      0xcab
 .debug_abbrev  0x00000000      0x23a src/main.o
 .debug_abbrev  0x0000023a      0x14c src/system_stm32l1xx.o
 .debug_abbrev  0x00000386       0x12 startup/startup_stm32l1xx_xl.o
 .debug_abbrev  0x00000398      0x185 D:\Docs and stuff\Project Avalanche\GitAvalanche\nucleo-l152re_stdperiph_lib\Debug\libnucleo-l152re_stdperiph_lib.a(stm32l1xx_adc.o)
 .debug_abbrev  0x0000051d       0xe5 D:\Docs and stuff\Project Avalanche\GitAvalanche\nucleo-l152re_stdperiph_lib\Debug\libnucleo-l152re_stdperiph_lib.a(stm32l1xx_dbgmcu.o)
 .debug_abbrev  0x00000602      0x15c D:\Docs and stuff\Project Avalanche\GitAvalanche\nucleo-l152re_stdperiph_lib\Debug\libnucleo-l152re_stdperiph_lib.a(stm32l1xx_dma.o)
 .debug_abbrev  0x0000075e      0x1ac D:\Docs and stuff\Project Avalanche\GitAvalanche\nucleo-l152re_stdperiph_lib\Debug\libnucleo-l152re_stdperiph_lib.a(stm32l1xx_gpio.o)
 .debug_abbrev  0x0000090a      0x1ea D:\Docs and stuff\Project Avalanche\GitAvalanche\nucleo-l152re_stdperiph_lib\Debug\libnucleo-l152re_stdperiph_lib.a(stm32l1xx_rcc.o)
 .debug_abbrev  0x00000af4      0x1b7 D:\Docs and stuff\Project Avalanche\GitAvalanche\nucleo-l152re_stdperiph_lib\Debug\libnucleo-l152re_stdperiph_lib.a(stm32l1xx_tim.o)

.debug_aranges  0x00000000      0x760
 .debug_aranges
                0x00000000       0x88 src/main.o
 .debug_aranges
                0x00000088       0x30 src/system_stm32l1xx.o
 .debug_aranges
                0x000000b8       0x28 startup/startup_stm32l1xx_xl.o
 .debug_aranges
                0x000000e0      0x148 D:\Docs and stuff\Project Avalanche\GitAvalanche\nucleo-l152re_stdperiph_lib\Debug\libnucleo-l152re_stdperiph_lib.a(stm32l1xx_adc.o)
 .debug_aranges
                0x00000228       0x40 D:\Docs and stuff\Project Avalanche\GitAvalanche\nucleo-l152re_stdperiph_lib\Debug\libnucleo-l152re_stdperiph_lib.a(stm32l1xx_dbgmcu.o)
 .debug_aranges
                0x00000268       0x70 D:\Docs and stuff\Project Avalanche\GitAvalanche\nucleo-l152re_stdperiph_lib\Debug\libnucleo-l152re_stdperiph_lib.a(stm32l1xx_dma.o)
 .debug_aranges
                0x000002d8       0x88 D:\Docs and stuff\Project Avalanche\GitAvalanche\nucleo-l152re_stdperiph_lib\Debug\libnucleo-l152re_stdperiph_lib.a(stm32l1xx_gpio.o)
 .debug_aranges
                0x00000360      0x148 D:\Docs and stuff\Project Avalanche\GitAvalanche\nucleo-l152re_stdperiph_lib\Debug\libnucleo-l152re_stdperiph_lib.a(stm32l1xx_rcc.o)
 .debug_aranges
                0x000004a8      0x2b8 D:\Docs and stuff\Project Avalanche\GitAvalanche\nucleo-l152re_stdperiph_lib\Debug\libnucleo-l152re_stdperiph_lib.a(stm32l1xx_tim.o)

.debug_ranges   0x00000000      0x6d8
 .debug_ranges  0x00000000       0x78 src/main.o
 .debug_ranges  0x00000078       0x20 src/system_stm32l1xx.o
 .debug_ranges  0x00000098       0x20 startup/startup_stm32l1xx_xl.o
 .debug_ranges  0x000000b8      0x138 D:\Docs and stuff\Project Avalanche\GitAvalanche\nucleo-l152re_stdperiph_lib\Debug\libnucleo-l152re_stdperiph_lib.a(stm32l1xx_adc.o)
 .debug_ranges  0x000001f0       0x30 D:\Docs and stuff\Project Avalanche\GitAvalanche\nucleo-l152re_stdperiph_lib\Debug\libnucleo-l152re_stdperiph_lib.a(stm32l1xx_dbgmcu.o)
 .debug_ranges  0x00000220       0x60 D:\Docs and stuff\Project Avalanche\GitAvalanche\nucleo-l152re_stdperiph_lib\Debug\libnucleo-l152re_stdperiph_lib.a(stm32l1xx_dma.o)
 .debug_ranges  0x00000280       0x78 D:\Docs and stuff\Project Avalanche\GitAvalanche\nucleo-l152re_stdperiph_lib\Debug\libnucleo-l152re_stdperiph_lib.a(stm32l1xx_gpio.o)
 .debug_ranges  0x000002f8      0x138 D:\Docs and stuff\Project Avalanche\GitAvalanche\nucleo-l152re_stdperiph_lib\Debug\libnucleo-l152re_stdperiph_lib.a(stm32l1xx_rcc.o)
 .debug_ranges  0x00000430      0x2a8 D:\Docs and stuff\Project Avalanche\GitAvalanche\nucleo-l152re_stdperiph_lib\Debug\libnucleo-l152re_stdperiph_lib.a(stm32l1xx_tim.o)

.debug_macro    0x00000000     0xf007
 .debug_macro   0x00000000      0x1e0 src/main.o
 .debug_macro   0x000001e0      0x892 src/main.o
 .debug_macro   0x00000a72       0x70 src/main.o
 .debug_macro   0x00000ae2       0x3a src/main.o
 .debug_macro   0x00000b1c       0x22 src/main.o
 .debug_macro   0x00000b3e       0x87 src/main.o
 .debug_macro   0x00000bc5       0x44 src/main.o
 .debug_macro   0x00000c09       0xfd src/main.o
 .debug_macro   0x00000d06       0x5e src/main.o
 .debug_macro   0x00000d64      0x1df src/main.o
 .debug_macro   0x00000f43       0x2d src/main.o
 .debug_macro   0x00000f70      0xbb1 src/main.o
 .debug_macro   0x00001b21     0x72a4 src/main.o
 .debug_macro   0x00008dc5      0x43e src/main.o
 .debug_macro   0x00009203       0xb4 src/main.o
 .debug_macro   0x000092b7       0xa9 src/main.o
 .debug_macro   0x00009360      0x17f src/main.o
 .debug_macro   0x000094df       0x82 src/main.o
 .debug_macro   0x00009561      0x3ae src/main.o
 .debug_macro   0x0000990f       0xb9 src/main.o
 .debug_macro   0x000099c8      0x422 src/main.o
 .debug_macro   0x00009dea      0x17d src/main.o
 .debug_macro   0x00009f67      0x203 src/main.o
 .debug_macro   0x0000a16a      0x2b2 src/main.o
 .debug_macro   0x0000a41c       0x64 src/main.o
 .debug_macro   0x0000a480      0x325 src/main.o
 .debug_macro   0x0000a7a5       0xc8 src/main.o
 .debug_macro   0x0000a86d       0xe1 src/main.o
 .debug_macro   0x0000a94e      0x413 src/main.o
 .debug_macro   0x0000ad61      0x5cf src/main.o
 .debug_macro   0x0000b330      0x341 src/main.o
 .debug_macro   0x0000b671      0x357 src/main.o
 .debug_macro   0x0000b9c8      0x421 src/main.o
 .debug_macro   0x0000bde9      0x66f src/main.o
 .debug_macro   0x0000c458      0x220 src/main.o
 .debug_macro   0x0000c678       0x34 src/main.o
 .debug_macro   0x0000c6ac       0x88 src/main.o
 .debug_macro   0x0000c734       0x35 src/main.o
 .debug_macro   0x0000c769      0x157 src/main.o
 .debug_macro   0x0000c8c0      0x1af src/system_stm32l1xx.o
 .debug_macro   0x0000ca6f      0x247 D:\Docs and stuff\Project Avalanche\GitAvalanche\nucleo-l152re_stdperiph_lib\Debug\libnucleo-l152re_stdperiph_lib.a(stm32l1xx_adc.o)
 .debug_macro   0x0000ccb6      0x88c D:\Docs and stuff\Project Avalanche\GitAvalanche\nucleo-l152re_stdperiph_lib\Debug\libnucleo-l152re_stdperiph_lib.a(stm32l1xx_adc.o)
 .debug_macro   0x0000d542       0xae D:\Docs and stuff\Project Avalanche\GitAvalanche\nucleo-l152re_stdperiph_lib\Debug\libnucleo-l152re_stdperiph_lib.a(stm32l1xx_adc.o)
 .debug_macro   0x0000d5f0      0x1b3 D:\Docs and stuff\Project Avalanche\GitAvalanche\nucleo-l152re_stdperiph_lib\Debug\libnucleo-l152re_stdperiph_lib.a(stm32l1xx_dbgmcu.o)
 .debug_macro   0x0000d7a3       0x7c D:\Docs and stuff\Project Avalanche\GitAvalanche\nucleo-l152re_stdperiph_lib\Debug\libnucleo-l152re_stdperiph_lib.a(stm32l1xx_dbgmcu.o)
 .debug_macro   0x0000d81f      0x205 D:\Docs and stuff\Project Avalanche\GitAvalanche\nucleo-l152re_stdperiph_lib\Debug\libnucleo-l152re_stdperiph_lib.a(stm32l1xx_dma.o)
 .debug_macro   0x0000da24      0x3a8 D:\Docs and stuff\Project Avalanche\GitAvalanche\nucleo-l152re_stdperiph_lib\Debug\libnucleo-l152re_stdperiph_lib.a(stm32l1xx_dma.o)
 .debug_macro   0x0000ddcc      0x1b1 D:\Docs and stuff\Project Avalanche\GitAvalanche\nucleo-l152re_stdperiph_lib\Debug\libnucleo-l152re_stdperiph_lib.a(stm32l1xx_gpio.o)
 .debug_macro   0x0000df7d      0x1fd D:\Docs and stuff\Project Avalanche\GitAvalanche\nucleo-l152re_stdperiph_lib\Debug\libnucleo-l152re_stdperiph_lib.a(stm32l1xx_gpio.o)
 .debug_macro   0x0000e17a      0x253 D:\Docs and stuff\Project Avalanche\GitAvalanche\nucleo-l152re_stdperiph_lib\Debug\libnucleo-l152re_stdperiph_lib.a(stm32l1xx_rcc.o)
 .debug_macro   0x0000e3cd      0x40d D:\Docs and stuff\Project Avalanche\GitAvalanche\nucleo-l152re_stdperiph_lib\Debug\libnucleo-l152re_stdperiph_lib.a(stm32l1xx_rcc.o)
 .debug_macro   0x0000e7da      0x1c4 D:\Docs and stuff\Project Avalanche\GitAvalanche\nucleo-l152re_stdperiph_lib\Debug\libnucleo-l152re_stdperiph_lib.a(stm32l1xx_tim.o)
 .debug_macro   0x0000e99e      0x669 D:\Docs and stuff\Project Avalanche\GitAvalanche\nucleo-l152re_stdperiph_lib\Debug\libnucleo-l152re_stdperiph_lib.a(stm32l1xx_tim.o)

.debug_line     0x00000000     0x46ec
 .debug_line    0x00000000      0x84e src/main.o
 .debug_line    0x0000084e      0x6c7 src/system_stm32l1xx.o
 .debug_line    0x00000f15       0x7e startup/startup_stm32l1xx_xl.o
 .debug_line    0x00000f93      0x9f1 D:\Docs and stuff\Project Avalanche\GitAvalanche\nucleo-l152re_stdperiph_lib\Debug\libnucleo-l152re_stdperiph_lib.a(stm32l1xx_adc.o)
 .debug_line    0x00001984      0x6a7 D:\Docs and stuff\Project Avalanche\GitAvalanche\nucleo-l152re_stdperiph_lib\Debug\libnucleo-l152re_stdperiph_lib.a(stm32l1xx_dbgmcu.o)
 .debug_line    0x0000202b      0x796 D:\Docs and stuff\Project Avalanche\GitAvalanche\nucleo-l152re_stdperiph_lib\Debug\libnucleo-l152re_stdperiph_lib.a(stm32l1xx_dma.o)
 .debug_line    0x000027c1      0x7c3 D:\Docs and stuff\Project Avalanche\GitAvalanche\nucleo-l152re_stdperiph_lib\Debug\libnucleo-l152re_stdperiph_lib.a(stm32l1xx_gpio.o)
 .debug_line    0x00002f84      0x980 D:\Docs and stuff\Project Avalanche\GitAvalanche\nucleo-l152re_stdperiph_lib\Debug\libnucleo-l152re_stdperiph_lib.a(stm32l1xx_rcc.o)
 .debug_line    0x00003904      0xde8 D:\Docs and stuff\Project Avalanche\GitAvalanche\nucleo-l152re_stdperiph_lib\Debug\libnucleo-l152re_stdperiph_lib.a(stm32l1xx_tim.o)

.debug_str      0x00000000    0x549ab
 .debug_str     0x00000000    0x52534 src/main.o
                              0x52700 (size before relaxing)
 .debug_str     0x00052534      0x177 src/system_stm32l1xx.o
                              0x5178e (size before relaxing)
 .debug_str     0x000526ab      0x89d D:\Docs and stuff\Project Avalanche\GitAvalanche\nucleo-l152re_stdperiph_lib\Debug\libnucleo-l152re_stdperiph_lib.a(stm32l1xx_adc.o)
                              0x51f4c (size before relaxing)
 .debug_str     0x00052f48       0xe4 D:\Docs and stuff\Project Avalanche\GitAvalanche\nucleo-l152re_stdperiph_lib\Debug\libnucleo-l152re_stdperiph_lib.a(stm32l1xx_dbgmcu.o)
                              0x51671 (size before relaxing)
 .debug_str     0x0005302c      0x5f9 D:\Docs and stuff\Project Avalanche\GitAvalanche\nucleo-l152re_stdperiph_lib\Debug\libnucleo-l152re_stdperiph_lib.a(stm32l1xx_dma.o)
                              0x51ca2 (size before relaxing)
 .debug_str     0x00053625      0x182 D:\Docs and stuff\Project Avalanche\GitAvalanche\nucleo-l152re_stdperiph_lib\Debug\libnucleo-l152re_stdperiph_lib.a(stm32l1xx_gpio.o)
                              0x518da (size before relaxing)
 .debug_str     0x000537a7      0x8f8 D:\Docs and stuff\Project Avalanche\GitAvalanche\nucleo-l152re_stdperiph_lib\Debug\libnucleo-l152re_stdperiph_lib.a(stm32l1xx_rcc.o)
                              0x51fb0 (size before relaxing)
 .debug_str     0x0005409f      0x90c D:\Docs and stuff\Project Avalanche\GitAvalanche\nucleo-l152re_stdperiph_lib\Debug\libnucleo-l152re_stdperiph_lib.a(stm32l1xx_tim.o)
                              0x520ad (size before relaxing)

.comment        0x00000000       0x6e
 .comment       0x00000000       0x6e src/main.o
                                 0x6f (size before relaxing)
 .comment       0x0000006e       0x6f src/system_stm32l1xx.o
 .comment       0x0000006e       0x6f D:\Docs and stuff\Project Avalanche\GitAvalanche\nucleo-l152re_stdperiph_lib\Debug\libnucleo-l152re_stdperiph_lib.a(stm32l1xx_adc.o)
 .comment       0x0000006e       0x6f D:\Docs and stuff\Project Avalanche\GitAvalanche\nucleo-l152re_stdperiph_lib\Debug\libnucleo-l152re_stdperiph_lib.a(stm32l1xx_dbgmcu.o)
 .comment       0x0000006e       0x6f D:\Docs and stuff\Project Avalanche\GitAvalanche\nucleo-l152re_stdperiph_lib\Debug\libnucleo-l152re_stdperiph_lib.a(stm32l1xx_dma.o)
 .comment       0x0000006e       0x6f D:\Docs and stuff\Project Avalanche\GitAvalanche\nucleo-l152re_stdperiph_lib\Debug\libnucleo-l152re_stdperiph_lib.a(stm32l1xx_gpio.o)
 .comment       0x0000006e       0x6f D:\Docs and stuff\Project Avalanche\GitAvalanche\nucleo-l152re_stdperiph_lib\Debug\libnucleo-l152re_stdperiph_lib.a(stm32l1xx_rcc.o)
 .comment       0x0000006e       0x6f D:\Docs and stuff\Project Avalanche\GitAvalanche\nucleo-l152re_stdperiph_lib\Debug\libnucleo-l152re_stdperiph_lib.a(stm32l1xx_tim.o)

.debug_frame    0x00000000     0x210c
 .debug_frame   0x00000000      0x1cc src/main.o
 .debug_frame   0x000001cc       0x7c src/system_stm32l1xx.o
 .debug_frame   0x00000248      0x5fc D:\Docs and stuff\Project Avalanche\GitAvalanche\nucleo-l152re_stdperiph_lib\Debug\libnucleo-l152re_stdperiph_lib.a(stm32l1xx_adc.o)
 .debug_frame   0x00000844       0xc8 D:\Docs and stuff\Project Avalanche\GitAvalanche\nucleo-l152re_stdperiph_lib\Debug\libnucleo-l152re_stdperiph_lib.a(stm32l1xx_dbgmcu.o)
 .debug_frame   0x0000090c      0x1c8 D:\Docs and stuff\Project Avalanche\GitAvalanche\nucleo-l152re_stdperiph_lib\Debug\libnucleo-l152re_stdperiph_lib.a(stm32l1xx_dma.o)
 .debug_frame   0x00000ad4      0x23c D:\Docs and stuff\Project Avalanche\GitAvalanche\nucleo-l152re_stdperiph_lib\Debug\libnucleo-l152re_stdperiph_lib.a(stm32l1xx_gpio.o)
 .debug_frame   0x00000d10      0x5e4 D:\Docs and stuff\Project Avalanche\GitAvalanche\nucleo-l152re_stdperiph_lib\Debug\libnucleo-l152re_stdperiph_lib.a(stm32l1xx_rcc.o)
 .debug_frame   0x000012f4      0xd14 D:\Docs and stuff\Project Avalanche\GitAvalanche\nucleo-l152re_stdperiph_lib\Debug\libnucleo-l152re_stdperiph_lib.a(stm32l1xx_tim.o)
 .debug_frame   0x00002008       0x2c d:/programs/stm32 workbench/plugins/fr.ac6.mcu.externaltools.arm-none.win32_1.13.2.201705091103/tools/compiler/bin/../lib/gcc/arm-none-eabi/5.4.1/../../../../arm-none-eabi/lib/armv7-m\libc.a(lib_a-init.o)
 .debug_frame   0x00002034       0x50 d:/programs/stm32 workbench/plugins/fr.ac6.mcu.externaltools.arm-none.win32_1.13.2.201705091103/tools/compiler/bin/../lib/gcc/arm-none-eabi/5.4.1/../../../../arm-none-eabi/lib/armv7-m\libc.a(lib_a-__call_atexit.o)
 .debug_frame   0x00002084       0x20 d:/programs/stm32 workbench/plugins/fr.ac6.mcu.externaltools.arm-none.win32_1.13.2.201705091103/tools/compiler/bin/../lib/gcc/arm-none-eabi/5.4.1/../../../../arm-none-eabi/lib/armv7-m\libc.a(lib_a-atexit.o)
 .debug_frame   0x000020a4       0x34 d:/programs/stm32 workbench/plugins/fr.ac6.mcu.externaltools.arm-none.win32_1.13.2.201705091103/tools/compiler/bin/../lib/gcc/arm-none-eabi/5.4.1/../../../../arm-none-eabi/lib/armv7-m\libc.a(lib_a-fini.o)
 .debug_frame   0x000020d8       0x34 d:/programs/stm32 workbench/plugins/fr.ac6.mcu.externaltools.arm-none.win32_1.13.2.201705091103/tools/compiler/bin/../lib/gcc/arm-none-eabi/5.4.1/../../../../arm-none-eabi/lib/armv7-m\libc.a(lib_a-__atexit.o)
